// Jest Snapshot v1, https://goo.gl/fbAQLP

exports[`testing rockets page should render the rockets page correctly 1`] = `
Object {
  "asFragment": [Function],
  "baseElement": <body>
    <div>
      <div
        class="mt-4 grid grid-cols-1 md:grid-cols-2 md:gap-x-8 gap-y-6 mx-auto ml-8 mr-12"
      >
        <div
          class=""
        >
          <h2
            class="text-xl"
          >
            Missions
          </h2>
        </div>
        <div
          class=""
        >
          <h2
            class="text-xl"
          >
            Rockets
          </h2>
        </div>
      </div>
    </div>
  </body>,
  "container": <div>
    <div
      class="mt-4 grid grid-cols-1 md:grid-cols-2 md:gap-x-8 gap-y-6 mx-auto ml-8 mr-12"
    >
      <div
        class=""
      >
        <h2
          class="text-xl"
        >
          Missions
        </h2>
      </div>
      <div
        class=""
      >
        <h2
          class="text-xl"
        >
          Rockets
        </h2>
      </div>
    </div>
  </div>,
  "debug": [Function],
  "findAllByAltText": [Function],
  "findAllByDisplayValue": [Function],
  "findAllByLabelText": [Function],
  "findAllByPlaceholderText": [Function],
  "findAllByRole": [Function],
  "findAllByTestId": [Function],
  "findAllByText": [Function],
  "findAllByTitle": [Function],
  "findByAltText": [Function],
  "findByDisplayValue": [Function],
  "findByLabelText": [Function],
  "findByPlaceholderText": [Function],
  "findByRole": [Function],
  "findByTestId": [Function],
  "findByText": [Function],
  "findByTitle": [Function],
  "getAllByAltText": [Function],
  "getAllByDisplayValue": [Function],
  "getAllByLabelText": [Function],
  "getAllByPlaceholderText": [Function],
  "getAllByRole": [Function],
  "getAllByTestId": [Function],
  "getAllByText": [Function],
  "getAllByTitle": [Function],
  "getByAltText": [Function],
  "getByDisplayValue": [Function],
  "getByLabelText": [Function],
  "getByPlaceholderText": [Function],
  "getByRole": [Function],
  "getByTestId": [Function],
  "getByText": [Function],
  "getByTitle": [Function],
  "queryAllByAltText": [Function],
  "queryAllByDisplayValue": [Function],
  "queryAllByLabelText": [Function],
  "queryAllByPlaceholderText": [Function],
  "queryAllByRole": [Function],
  "queryAllByTestId": [Function],
  "queryAllByText": [Function],
  "queryAllByTitle": [Function],
  "queryByAltText": [Function],
  "queryByDisplayValue": [Function],
  "queryByLabelText": [Function],
  "queryByPlaceholderText": [Function],
  "queryByRole": [Function],
  "queryByTestId": [Function],
  "queryByText": [Function],
  "queryByTitle": [Function],
  "rerender": [Function],
  "unmount": [Function],
}
`;
